---
source: src/app/component/confirm_dialog/text_confirm_dialog.rs
expression: render_to_string(&dialog)
---
"                                                                                "
"                                                                                "
"                                                                                "
"                                                                                "
"                                                                                "
"                                                                                "
"                                                                                "
"                                                                                "
"                                                                                "
"             ┌Input───────────────────────────────────────────────┐             "
"             │> default value█                                    │             "
"             └────────────────────────────────────────────────────┘             "
"                                                                                "
"                                                                                "
"                                                                                "
"                                                                                "
"                                                                                "
"                                                                                "
"                                                                                "
"                                                                                "
