---
source: src/app/component/workspace.rs
expression: "stateful_render_to_string(&worktree, &mut state)"
---
"┌Tree──────────────────────┐┌Preview───────────────────────────────────────────┐"
"│  root                   ↑││ 66     },                                       ↑│"
"│> --web-app              ║││ 67     {                                        ║│"
"│                         █││ 68       "servlet-name": "cofaxTools",          ║│"
"│                         █││ 69       "servlet-class": "org.cofax.cms.CofaxT ║│"
"│                         █││ 70       "init-param": {                        ║│"
"│                         █││ 71         "templatePath": "toolstemplates/",   ║│"
"│                         █││ 72         "log": 1,                            ║│"
"│                         █││ 73         "logLocation": "/usr/local/tomcat/lo ║│"
"│                         █││ 74         "logMaxSize": "",                    ║│"
"│                         █││ 75         "dataLog": 1,                        ║│"
"│                         █││ 76         "dataLogLocation": "/usr/local/tomca ║│"
"│                         █││ 77         "dataLogMaxSize": "",                █│"
"│                         █││ 78         "removePageCache": "/content/admin/r █│"
"│                         █││ 79         "removeTemplateCache": "/content/adm ║│"
"│                         █││ 80         "fileTransferFolder": "/usr/local/to ║│"
"│                         █││ 81         "lookInContext": 1,                  ║│"
"│                         █││                                                 ↓│"
"│                         ↓││←█████████████████████████══════════════════════→ │"
"└──────────────────────────┘└──────────────────────────────────────────────────┘"
