---
source: src/app/component/preview.rs
expression: "stateful_render_to_string(&preview, &mut preview_state)"
---
"┌Preview───────────────────────────────────────────────────────────────────────┐"
"│ 51       },                                                                 ↑│"
"│ 52       {                                                                  ║│"
"│ 53         "servlet-name": "cofaxEmail",                                    ║│"
"│ 54         "servlet-class": "org.cofax.cds.EmailServlet",                   ║│"
"│ 55         "init-param": {                                                  ║│"
"│ 56           "mailHost": "mail1",                                           ║│"
"│ 57           "mailHostOverride": "mail2"                                    ║│"
"│ 58         }                                                                ║│"
"│ 59       },                                                                 █│"
"│ 60       {                                                                  █│"
"│ 61         "servlet-name": "cofaxAdmin",                                    █│"
"│ 62         "servlet-class": "org.cofax.cds.AdminServlet"                    ║│"
"│ 63       },                                                                 ║│"
"│ 64       {                                                                  ║│"
"│ 65         "servlet-name": "fileServlet",                                   ║│"
"│ 66         "servlet-class": "org.cofax.cds.FileServlet"                     ║│"
"│                                                                             ↓│"
"│←██████████████████████████████████████████████████████████████═════════════→ │"
"└──────────────────────────────────────────────────────────────────────────────┘"
