---
source: src/app/component/confirm_dialog.rs
expression: render_to_string(&dialog)
---
"                                                                                "
"                                                                                "
"                                                                                "
"                                                                                "
"                                                                                "
"                                                                                "
"                                                                                "
"                                                                                "
"                            ┌──────────────────────┐                            "
"                            │                      │                            "
"                            │     Are you sure?    │                            "
"                            │                      │                            "
"                            └─────[Y]es / [N]o─────┘                            "
"                                                                                "
"                                                                                "
"                                                                                "
"                                                                                "
"                                                                                "
"                                                                                "
"                                                                                "
