---
source: src/app/component/workspace.rs
expression: "stateful_render_to_string(&worktree, &mut state)"
---
"┌Tree──────────────────────┐┌Preview───────────────────────────────────────────┐"
"│  root                   ↑││ 83         "betaServer": true                   ↑│"
"│> --web-app              ║││ 84       }                                      ║│"
"│                         █││ 85     }                                        ║│"
"│                         █││ 86   ],                                         ║│"
"│                         █││ 87   "servlet-mapping": {                       ║│"
"│                         █││ 88     "cofaxCDS": "/",                         ║│"
"│                         █││ 89     "cofaxEmail": "/cofaxutil/aemail/*",     ║│"
"│                         █││ 90     "cofaxAdmin": "/admin/*",                ║│"
"│                         █││ 91     "fileServlet": "/static/*",              ║│"
"│                         █││ 92     "cofaxTools": "/tools/*"                 ║│"
"│                         █││ 93   },                                         ║│"
"│                         █││ 94   "taglib": {                                ║│"
"│                         █││ 95     "taglib-uri": "cofax.tld",               ║│"
"│                         █││ 96     "taglib-location": "/WEB-INF/tlds/cofax. █│"
"│                         █││ 97   }                                          █│"
"│                         █││ 98 }                                            █│"
"│                         █││                                                 ↓│"
"│                         ↓││←█████████████████████████══════════════════════→ │"
"└──────────────────────────┘└──────────────────────────────────────────────────┘"
