---
source: src/app/component/workspace.rs
expression: "stateful_render_to_string(&worktree, &mut state)"
---
"┌Tree─────────────────────┐┌Preview────────────────────────────────────────────┐"
"│> root                  ↑││{                                                 ↑│"
"│  --web-app             █││  "web-app": {                                    █│"
"│                        █││    "servlet": [                                  █│"
"│                        █││      {                                           █│"
"│                        █││        "servlet-name": "cofaxCDS",               ║│"
"│                        █││        "servlet-class": "org.cofax.cds.CDSServle ║│"
"│                        █││        "init-param": {                           ║│"
"│                        █││          "configGlossary:installationAt": "Phila ║│"
"│                        █││          "configGlossary:adminEmail": "ksm@pobox ║│"
"│                        █││          "configGlossary:poweredBy": "Cofax",    ║│"
"│                        █││          "configGlossary:poweredByIcon": "/image ║│"
"│                        █││          "configGlossary:staticPath": "/content/ ║│"
"│                        █││          "templateProcessorClass": "org.cofax.Wy ║│"
"│                        █││          "templateLoaderClass": "org.cofax.Files ║│"
"│                        █││          "templatePath": "templates",            ║│"
"│                        █││          "templateOverridePath": "",             ║│"
"│                        ║││                                                  ↓│"
"│                        ↓││←███████████████████████████═════════════════════→ │"
"└─────────────────────────┘└───────────────────────────────────────────────────┘"
