---
source: src/app/component/confirm_dialog.rs
expression: render_to_string(&dialog)
---
"                                                                                "
"                                                                                "
"                                                                                "
"                                                                                "
"                                                                                "
"                                                                                "
"    ┌──────────────────────────────────────────────────────────────────────┐    "
"    │                                                                      │    "
"    │ Error:                                                               │    "
"    │ Lorem ipsum dolor sit amet, consectetur adipiscing elit, sed do      │    "
"    │ eiusmod tempor incididunt ut labore et dolore magna aliqua.          │    "
"    │                                                                      │    "
"    │                               continue?                              │    "
"    │                                                                      │    "
"    └─────────────────────────────[Y]es / [N]o─────────────────────────────┘    "
"                                                                                "
"                                                                                "
"                                                                                "
"                                                                                "
"                                                                                "
