---
source: src/app/component/confirm_dialog.rs
expression: render_to_string(&dialog)
---
"                                                                                "
"                                                                                "
"                                                                                "
"                                                                                "
"                                                                                "
"                                                                                "
"                                                                                "
"                            ┌────────Error─────────┐                            "
"                            │                      │                            "
"                            │ Broken IO pipe       │                            "
"                            │ continue?            │                            "
"                            │                      │                            "
"                            └─────[Y]es / [N]o─────┘                            "
"                                                                                "
"                                                                                "
"                                                                                "
"                                                                                "
"                                                                                "
"                                                                                "
"                                                                                "
