---
source: src/app/component/preview.rs
expression: "stateful_render_to_string(&preview, &mut preview_state)"
---
"┌Preview───────────────────────────────────────────────────────────────────────┐"
"│          "dataLog": 1,                                                      ↑│"
"│          "dataLogLocation": "/usr/local/tomcat/logs/dataLog.log",           ║│"
"│          "dataLogMaxSize": "",                                              ║│"
"│          "removePageCache": "/content/admin/remove?cache=pages&id=",        ║│"
"│          "removeTemplateCache": "/content/admin/remove?cache=templates&id=" ║│"
"│          "fileTransferFolder": "/usr/local/tomcat/webapps/content/fileTrans ║│"
"│          "lookInContext": 1,                                                ║│"
"│          "adminGroupID": 4,                                                 ║│"
"│          "betaServer": true                                                 ║│"
"│        }                                                                    ║│"
"│      }                                                                      ║│"
"│    ],                                                                       ║│"
"│    "servlet-mapping": {                                                     █│"
"│      "cofaxCDS": "/",                                                       █│"
"│      "cofaxEmail": "/cofaxutil/aemail/*",                                   █│"
"│      "cofaxAdmin": "/admin/*",                                              ║│"
"│                                                                             ↓│"
"│←█████████████████████████████████████████████████████████████████══════════→ │"
"└──────────────────────────────────────────────────────────────────────────────┘"
