---
source: src/app/component/loading.rs
expression: render_to_string(&loading)
---
"                                                                                "
"                                                                                "
"                                                                                "
"                                                                                "
"                                                                                "
"                                                                                "
"                                                                                "
"                                                                                "
"                                 ┌────────────┐                                 "
"                                 │            │                                 "
"                                 │ Loading.   │                                 "
"                                 │            │                                 "
"                                 └────────────┘                                 "
"                                                                                "
"                                                                                "
"                                                                                "
"                                                                                "
"                                                                                "
"                                                                                "
"                                                                                "
