---
source: src/app/component/workspace.rs
expression: "stateful_render_to_string(&worktree, &mut state)"
---
"┌Tree─────────────────────┐┌Preview────────────────────────────────────────────┐"
"│  root                  ↑││        "configGlossary:staticPath": "/content/st ↑│"
"│> --web-app             ║││        "templateProcessorClass": "org.cofax.Wysi ║│"
"│                        █││        "templateLoaderClass": "org.cofax.FilesTe ║│"
"│                        █││        "templatePath": "templates",              █│"
"│                        █││        "templateOverridePath": "",               █│"
"│                        █││        "defaultListTemplate": "listTemplate.htm" ║│"
"│                        █││        "defaultFileTemplate": "articleTemplate.h ║│"
"│                        █││        "useJSP": false,                          ║│"
"│                        █││        "jspListTemplate": "listTemplate.jsp",    ║│"
"│                        █││        "jspFileTemplate": "articleTemplate.jsp", ║│"
"│                        █││        "cachePackageTagsTrack": 200,             ║│"
"│                        █││        "cachePackageTagsStore": 200,             ║│"
"│                        █││        "cachePackageTagsRefresh": 60,            ║│"
"│                        █││        "cacheTemplatesTrack": 100,               ║│"
"│                        █││        "cacheTemplatesStore": 50,                ║│"
"│                        █││        "cacheTemplatesRefresh": 15,              ║│"
"│                        █││                                                  ↓│"
"│                        ↓││←████████████████████████████════════════════════→ │"
"└─────────────────────────┘└───────────────────────────────────────────────────┘"
