---
source: src/app/component/workspace.rs
expression: "stateful_render_to_string(&worktree, &mut state)"
---
"┌Tree──────────────────────────┐┌Preview───────────────────────────────────────┐"
"│  root                       ↑││  1 {                                        ↑│"
"│> └─ web-app                 ║││  2   "servlet": [                           █│"
"│                             █││  3     {                                    █│"
"│                             █││  4       "servlet-name": "cofaxCDS",        █│"
"│                             █││  5       "servlet-class": "org.cofax.cds.CD ║│"
"│                             █││  6       "init-param": {                    ║│"
"│                             █││  7         "configGlossary:installationAt": ║│"
"│                             █││  8         "configGlossary:adminEmail": "ks ║│"
"│                             █││  9         "configGlossary:poweredBy": "Cof ║│"
"│                             █││ 10         "configGlossary:poweredByIcon":  ║│"
"│                             █││ 11         "configGlossary:staticPath": "/c ║│"
"│                             █││ 12         "templateProcessorClass": "org.c ║│"
"│                             █││ 13         "templateLoaderClass": "org.cofa ║│"
"│                             █││ 14         "templatePath": "templates",     ║│"
"│                             █││ 15         "templateOverridePath": "",      ║│"
"│                             █││ 16         "defaultListTemplate": "listTemp ║│"
"│                             █││                                             ↓│"
"│                             ↓││←█████████████████████══════════════════════→ │"
"└──────────────────────────────┘└──────────────────────────────────────────────┘"
