---
source: src/app/component/workspace.rs
expression: "stateful_render_to_string(&worktree, &mut state)"
---
"┌Tree──────────────────────┐┌Preview───────────────────────────────────────────┐"
"│> root                   ↑││  1 {                                            ↑│"
"│  --web-app              █││  2   "web-app": {                               █│"
"│  ----servlet            █││  3     "servlet": [                             █│"
"│  ------0                █││  4       {                                      █│"
"│  --------servlet-name   █││  5         "servlet-name": "cofaxCDS",          ║│"
"│  --------servlet-class  ║││  6         "servlet-class": "org.cofax.cds.CDSS ║│"
"│  --------init-param     ║││  7         "init-param": {                      ║│"
"│  ----------configGlossar║││  8           "configGlossary:installationAt": " ║│"
"│  ----------configGlossar║││  9           "configGlossary:adminEmail": "ksm@ ║│"
"│  ----------configGlossar║││ 10           "configGlossary:poweredBy": "Cofax ║│"
"│  ----------configGlossar║││ 11           "configGlossary:poweredByIcon": "/ ║│"
"│  ----------configGlossar║││ 12           "configGlossary:staticPath": "/con ║│"
"│  ----------templateProce║││ 13           "templateProcessorClass": "org.cof ║│"
"│  ----------templateLoade║││ 14           "templateLoaderClass": "org.cofax. ║│"
"│  ----------templatePath ║││ 15           "templatePath": "templates",       ║│"
"│  ----------templateOverr║││ 16           "templateOverridePath": "",        ║│"
"│  ----------defaultListTe║││                                                 ↓│"
"│  ----------defaultFileTe↓││←█████████████████████████══════════════════════→ │"
"└──────────────────────────┘└──────────────────────────────────────────────────┘"
