---
source: src/app/component/workspace.rs
expression: "stateful_render_to_string(&worktree, &mut state)"
---
"┌Tree──────────────────────────────────────────────────────────────────────────┐"
"│     │  │     ├─ dataStoreName                                               ↑│"
"│     │  │     ├─ dataStoreDriver                                             ║│"
"│     │  │     ├─ dataStoreUrl                                                ║│"
"│     │  │     ├─ dataStoreUser                                               ║│"
"│     │  │     ├─ dataStorePassword                                           ║│"
"│     │  │     ├─ dataStoreTestQuery                                          ║│"
"│     │  │     ├─ dataStoreLogFile                                            ║│"
"│     │  │     ├─ dataStoreInitConns                                          ║│"
"│     │  │     ├─ dataStoreMaxConns                                           ║│"
"│     │  │     ├─ dataStoreConnUsageLimit                                     ║│"
"│     │  │     ├─ dataStoreLogLevel                                           ║│"
"│     │  │     └─ maxUrlLength                                                ║│"
"│     │  ├─ 1                                                                 ║│"
"│     │  ├─ 2                                                                 █│"
"│     │  ├─ 3                                                                 █│"
"│     │  └─ 4                                                                 █│"
"│     ├─ servlet-mapping                                                      █│"
"│>    └─ taglib                                                               ↓│"
"└──────────────────────────────────────────────────────────────────────────────┘"
