---
source: src/app/component/preview.rs
expression: "stateful_render_to_string(&preview, &mut preview_state)"
---
"┌Preview───────────────────────────────────────────────────────────────────────┐"
"│ 31           "cachePagesDirtyRead": 10,                                     ↑│"
"│ 32           "searchEngineListTemplate": "forSearchEnginesList.htm",        ║│"
"│ 33           "searchEngineFileTemplate": "forSearchEngines.htm",            ║│"
"│ 34           "searchEngineRobotsDb": "WEB-INF/robots.db",                   ║│"
"│ 35           "useDataStore": true,                                          ║│"
"│ 36           "dataStoreClass": "org.cofax.SqlDataStore",                    █│"
"│ 37           "redirectionClass": "org.cofax.SqlRedirection",                █│"
"│ 38           "dataStoreName": "cofax",                                      █│"
"│ 39           "dataStoreDriver": "com.microsoft.jdbc.sqlserver.SQLServerDriv ║│"
"│ 40           "dataStoreUrl": "jdbc:microsoft:sqlserver://LOCALHOST:1433;Dat ║│"
"│ 41           "dataStoreUser": "sa",                                         ║│"
"│ 42           "dataStorePassword": "dataStoreTestQuery",                     ║│"
"│ 43           "dataStoreTestQuery": "SET NOCOUNT ON;select test='test';",    ║│"
"│ 44           "dataStoreLogFile": "/usr/local/tomcat/logs/datastore.log",    ║│"
"│ 45           "dataStoreInitConns": 10,                                      ║│"
"│ 46           "dataStoreMaxConns": 100,                                      ║│"
"│                                                                             ↓│"
"│←██████████████████████████████████████████████████████████████═════════════→ │"
"└──────────────────────────────────────────────────────────────────────────────┘"
